******************************************************************************
                  TI ARM Linker PC v5.2.5                      
******************************************************************************
>> Linked Tue Apr 12 17:56:11 2016

OUTPUT FILE NAME:   <Irrigcntrl_wifi_modbus_rtos_08022016_v2.04.out>
ENTRY POINT SYMBOL: "_c_int00"  address: 00034d71


MEMORY CONFIGURATION

         name            origin    length      used     unused   attr    fill
----------------------  --------  ---------  --------  --------  ----  --------
  FLASH                 00000000   00100000  0003e834  000c17cc  R  X
  SRAM                  20000000   00040000  0003e9c3  0000163d  RW X


SEGMENT ALLOCATION MAP

run origin  load origin   length   init length attrs members
----------  ----------- ---------- ----------- ----- -------
00000000    00000000    0003e840   0003e840    r-x
  00000000    00000000    0000003c   0000003c    r-- .resetVecs
  00000040    00000040    0003b292   0003b292    r-x .text
  0003b2d4    0003b2d4    00002cde   00002cde    r-- .const
  0003dfb8    0003dfb8    00000888   00000888    r-- .cinit
20000000    20000000    00000360   00000000    rw-
  20000000    20000000    00000360   00000000    rw- .vecs
20000400    20000400    0003e668   00000000    rw-
  20000400    20000400    000287fb   00000000    rw- .bss
  20028c00    20028c00    00012370   00000000    rw- .data
  2003af70    2003af70    00003af8   00000000    rw- .stack


SECTION ALLOCATION MAP

 output                                  attributes/
section   page    origin      length       input sections
--------  ----  ----------  ----------   ----------------
.resetVecs 
*          0    00000000    0000003c     
                  00000000    0000003c     Irrigation_Controller_v1.0_pem4f.oem4f (.resetVecs)

.text      0    00000040    0003b292     
                  00000040    00002c78     GSM.obj (.text:synctoportal)
                  00002cb8    00002b60     GSM.obj (.text:synctowifi)
                  00005818    00001ca0     GSM.obj (.text:GSM_EEPROM_UPDATE)
                  000074b8    00001910     Menubar.obj (.text:ZoneProgDetails)
                  00008dc8    000015e4     GSM.obj (.text:message_store)
                  0000a3ac    00001480     Menubar.obj (.text:ZoneProgPrecondition)
                  0000b82c    000010ba     rtsv7M4_T_le_v4SPD16_eabi.lib : _printfi.obj (.text)
                  0000c8e6    00000002     drivers_tivaware.aem4f : SPITivaDMA.oem4f (.text:SPITivaDMA_serviceISR)
                  0000c8e8    00000e8c     Menubar.obj (.text:FertiProgDetails)
                  0000d774    00000dbc     Menubar.obj (.text:Backflush)
                  0000e530    00000a10     Menubar.obj (.text:Sensor_Assignment)
                  0000ef40    000009dc     Program.obj (.text:fertigation_program)
                  0000f91c    00000984     Menubar.obj (.text:ZoneProgRunDays)
                  000102a0    0000094c     Menubar.obj (.text:SystemSetup)
                  00010bec    00000930     Menubar.obj (.text:HardwareConfig)
                  0001151c    000008b8     Program.obj (.text:auto_mode)
                  00011dd4    0000087c     GSM.obj (.text:GSM_Main)
                  00012650    00000834     Menubar.obj (.text:ViewIrrigationLog)
                  00012e84    00000814     Menubar.obj (.text:SetTimeDate)
                  00013698    00000800     Program.obj (.text:manual_mode)
                  00013e98    00000750     Menubar.obj (.text:OP_Assignment)
                  000145e8    000006f0     Menubar.obj (.text:Network_Wifi_Settings)
                  00014cd8    000006e0     Menubar.obj (.text:SetInitialSetup)
                  000153b8    000006ac     WifiCC3100.obj (.text:WIFI_Internet)
                  00015a64    00000630     Menubar.obj (.text:ViewSystemLog)
                  00016094    00000618     Menubar.obj (.text:FertiProgMethod)
                  000166ac    000005cc     GSM.obj (.text:GSM_Configure)
                  00016c78    0000059c     Menubar.obj (.text:ViewEventLog)
                  00017214    0000059c     Menubar.obj (.text:ZoneProgStartTime)
                  000177b0    00000578     Menubar.obj (.text:ViewSensorLog)
                  00017d28    00000570     Menubar.obj (.text:ZoneProgRunTime)
                  00018298    00000564     Menubar.obj (.text:Authentication)
                  000187fc    0000054c     Menubar.obj (.text:ZoneProgDelays)
                  00018d48    00000544     Program.obj (.text:zone_update)
                  0001928c    00000534     Menubar.obj (.text:FertiProgDelays)
                  000197c0    000004b0     database.obj (.text:get_default_value_zoneprog)
                  00019c70    000004ac     Menubar.obj (.text:CallFunction)
                  0001a11c    00000468     Menubar.obj (.text:Network_Wireless_Mode)
                  0001a584    00000460     Menubar.obj (.text:DiagnosticAlerts)
                  0001a9e4    00000438     ustdlib.obj (.text:uvsnprintf)
                  0001ae1c    00000004     usblib.lib : usbdma.obj (.text:DMAUSBStatus)
                  0001ae20    00000434     sysbios.aem4f : BIOS.obj (.text:ti_sysbios_family_arm_m3_Hwi_excDumpRegs__I)
                  0001b254    00000428     Menubar.obj (.text:Keypad_Test)
                  0001b67c    00000418     Menubar.obj (.text:Network_GSM_Settings)
                  0001ba94    00000404     Menubar.obj (.text:IP_Assignment)
                  0001be98    000003f8     Menubar.obj (.text:ManualOutput)
                  0001c290    000003f4     usblib.lib : usbhostenum.obj (.text:USBHostIntHandlerInternal)
                  0001c684    000003f4     wifi_cc3100_tivaware.aem4f : driver.oem4f (.text:_SlDrvMsgRead)
                  0001ca78    000003ec     Program.obj (.text:OP_Update)
                  0001ce64    000003e4     Menubar.obj (.text:ManualProgram)
                  0001d248    00000388     Menubar.obj (.text:AccessMode)
                  0001d5d0    00000380     Menubar.obj (.text:HomeSensorStatus)
                  0001d950    00000370     wifi_cc3100_tivaware.aem4f : driver.oem4f (.text:_SlAsyncEventGenericHandler)
                  0001dcc0    0000034c     ti.targets.arm.rtsarm.aem4f : System.oem4f (.text:xdc_runtime_System_doPrint__I)
                  0001e00c    00000348     main.obj (.text:main)
                  0001e354    0000032c     database.obj (.text:eeprom_read_zoneprog4)
                  0001e680    00000324     Menubar.obj (.text:ZoneProgStatus)
                  0001e9a4    00000320     Menubar.obj (.text:HomeDateTimeStatus)
                  0001ecc4    0000030c     rtsv7M4_T_le_v4SPD16_eabi.lib : lowlev.obj (.text)
                  0001efd0    00000308     Program.obj (.text:Starttime_Shift)
                  0001f2d8    000002fc     ti.sysbios.fatfs.aem4f : ff.oem4f (.text:chk_mounted)
                  0001f5d4    000002f0     Menubar.obj (.text:HomeProgramStatus)
                  0001f8c4    000002e8     Menubar.obj (.text:select_list_option)
                  0001fbac    000002e0     main.obj (.text:KeyboardHandler)
                  0001fe8c    000002d8     Menubar.obj (.text:edit_text_alphanumeric)
                  00020164    000002d4     rtsv7M4_T_le_v4SPD16_eabi.lib : trgdrv.obj (.text)
                  00020438    000002c0     Menubar.obj (.text:USB_Test)
                  000206f8    000002bc     Menubar.obj (.text:Sensor_Test)
                  000209b4    000002a8     rtsv7M4_T_le_v4SPD16_eabi.lib : mktime.obj (.text)
                  00020c5c    000002a0     Menubar.obj (.text:HomeOutputStatus)
                  00020efc    000002a0     Menubar.obj (.text:ZoneClearProgram)
                  0002119c    000002a0     sockets.obj (.text:configureSimpleLinkToDefaultState)
                  0002143c    000002a0     WifiCC3100.obj (.text:echoFxn)
                  000216dc    00000294     Menubar.obj (.text:ShowInitialSetupScreen)
                  00021970    00000290     Menubar.obj (.text:GetTotalTimeFlow)
                  00021c00    0000028c     Menubar.obj (.text:edit_text_numeric)
                  00021e8c    00000274     database.obj (.text:eeprom_read_zoneprog1)
                  00022100    0000026c     Menubar.obj (.text:FertiClearProgram)
                  0002236c    00000268     Menubar.obj (.text:Input_Test)
                  000225d4    00000234     database.obj (.text:get_default_value_sensor)
                  00022808    0000022c     database.obj (.text:eeprom_read_zoneprog2)
                  00022a34    00000228     hibernate.obj (.text:DateTimeStrToDec)
                  00022c5c    00000214     drivers_tivaware.aem4f : UARTTiva.oem4f (.text:UARTTiva_open)
                  00022e70    00000214     mb_m.obj (.text:eMBMasterPoll)
                  00023084    0000020c     database.obj (.text:get_default_value_output)
                  00023290    00000209     database.obj (.text:eeprom_factory_reset)
                  00023499    00000001     --HOLE-- [fill = 0]
                  0002349a    00000002     drivers_tivaware.aem4f : WatchdogTiva.oem4f (.text:WatchdogTiva_close)
                  0002349c    00000204     Boot.aem4f : Boot_sysctl.oem4f (.text:ti_catalog_arm_cortexm4_tiva_ce_Boot_sysCtlClockFreqSetI__I)
                  000236a0    00000200     Menubar.obj (.text:FactoryReset)
                  000238a0    000001f4     rtsv7M4_T_le_v4SPD16_eabi.lib : ull_div_t2.obj (.text)
                  00023a94    00000004     driverlib.lib : i2c.obj (.text:I2CMasterControl)
                  00023a98    000001f0     sysbios.aem4f : BIOS.obj (.text:ti_sysbios_family_arm_m3_Hwi_excHandlerMax__I)
                  00023c88    000001ec     Program.obj (.text:Backflush_program)
                  00023e74    000001ec     Menubar.obj (.text:GetPassword)
                  00024060    000001ec     database.obj (.text:eeprom_read_fertiprog3)
                  0002424c    000001e8     database.obj (.text:eeprom_read_zoneprog3)
                  00024434    000001e0     Menubar.obj (.text:RefreshMenu)
                  00024614    000001d4     GLCD.obj (.text:GLCD_clear_part_of_screen)
                  000247e8    000001d4     IRQ.obj (.text:periodic_isr)
                  000249bc    000001d4     sockets.obj (.text:setAPMode)
                  00024b90    000001c8     Menubar.obj (.text:Init_Menu_Screen)
                  00024d58    000001c4     Menubar.obj (.text:FirmwareInfo)
                  00024f1c    000001c4     rtsv7M4_T_le_v4SPD16_eabi.lib : fopen.obj (.text)
                  000250e0    000001b6                                   : fd_add_t2.obj (.text)
                  00025296    00000002     usblib.lib : usbdma.obj (.text:iDMAUSBArbSizeSet)
                  00025298    000001b4     database.obj (.text:eeprom_read_fertiprog1)
                  0002544c    000001a6     ti.sysbios.fatfs.aem4f : ff.oem4f (.text:f_write)
                  000255f2    00000002     usblib.lib : usbdma.obj (.text:iDMAUSBUnitSizeSet)
                  000255f4    000001a4     Program.obj (.text:Remaintime_update)
                  00025798    000001a4     wifi_cc3100_tivaware.aem4f : wlan.oem4f (.text:sl_WlanConnect)
                  0002593c    000001a0     drivers_tivaware.aem4f : USBMSCHFatFsTiva.oem4f (.text:USBMSCHFatFsTiva_open)
                  00025adc    0000019c     usblib.lib : usbhostenum.obj (.text:USBHCDPipeAllocSize)
                  00025c78    00000194     database.obj (.text:eeprom_read_all_data)
                  00025e0c    00000190     usblib.lib : usbhostenum.obj (.text:ProcessUSBDeviceStateMachine)
                  00025f9c    0000018c     Menubar.obj (.text:DisplayMenuLabel)
                  00026128    0000018c     sockets.obj (.text:SimpleLinkWlanEventHandler)
                  000262b4    00000184     Program.obj (.text:Remaintime_update1)
                  00026438    00000180     sysbios.aem4f : BIOS.obj (.text:ti_sysbios_knl_Semaphore_pend__E)
                  000265b8    0000017c     GLCD.obj (.text:GLCD_WriteData)
                  00026734    00000178     Menubar.obj (.text:Output_Test)
                  000268ac    00000178     usblib.lib : usbhhub.obj (.text:USBHHubMain)
                  00026a24    00000176     ti.sysbios.fatfs.aem4f : ff.oem4f (.text:f_read)
                  00026b9a    00000002     rtsv7M4_T_le_v4SPD16_eabi.lib : i_div0.obj (.text)
                  00026b9c    00000174     wifi_cc3100_tivaware.aem4f : driver.oem4f (.text:_SlDrvDataReadOp)
                  00026d10    00000174     sockets.obj (.text:socketsStartUp)
                  00026e84    00000004     driverlib.lib : i2c.obj (.text:I2CMasterDataGet)
                  00026e88    00000174     sysbios.aem4f : BIOS.obj (.text:ti_sysbios_family_arm_m3_Hwi_excBusFault__I)
                  00026ffc    00000170     usblib.lib : usbdma.obj (.text:USBLibDMAInit)
                  0002716c    00000170     Program.obj (.text:nextprogstart)
                  000272dc    0000016c     eeprom_ud.obj (.text:EEPROMProgram)
                  00027448    0000016c     usblib.lib : usbhostenum.obj (.text:USBHCDInitInternal)
                  000275b4    0000016c     database.obj (.text:eeprom_write_zoneprog4)
                  00027720    0000016c     rtsv7M4_T_le_v4SPD16_eabi.lib : fwrite.obj (.text)
                  0002788c    00000168     Menubar.obj (.text:alert_status_update)
                  000279f4    00000004     driverlib.lib : i2c.obj (.text:I2CMasterDataPut)
                  000279f8    00000164     sysbios.aem4f : BIOS.obj (.text:ti_sysbios_family_arm_m3_Hwi_excUsageFault__I)
                  00027b5c    00000160     Menubar.obj (.text:IPAddrStrToDec)
                  00027cbc    00000160     user_mb_app_m.obj (.text:eMBMasterRegDiscreteCB)
                  00027e1c    00000160     user_mb_app_m.obj (.text:eMBMasterRegInputCB)
                  00027f7c    00000160     database.obj (.text:get_default_value_fertiprog)
                  000280dc    0000015c     USBDatalog.obj (.text:Read_log_portal)
                  00028238    00000158     ti.sysbios.fatfs.aem4f : ff.oem4f (.text:f_lseek)
                  00028390    00000150     usblib.lib : usbdenum.obj (.text:USBDEP0StateTxConfig)
                  000284e0    00000150                : usbdenum.obj (.text:USBDeviceIntHandlerInternal)
                  00028630    00000150                : usbhostenum.obj (.text:USBHCDPipeRead)
                  00028780    00000150     ti.sysbios.fatfs.aem4f : ff.oem4f (.text:f_open)
                  000288d0    0000014c     Menubar.obj (.text:Display_Test)
                  00028a1c    00000148     drivers_tivaware.aem4f : GPIOTiva.oem4f (.text:GPIO_setConfig)
                  00028b64    00000148     Menubar.obj (.text:LoadfromUSB)
                  00028cac    00000148     user_mb_app_m.obj (.text:eMBMasterRegHoldingCB)
                  00028df4    00000004     driverlib.lib : ssi.obj (.text:SSIIntClear)
                  00028df8    00000148     sysbios.aem4f : BIOS.obj (.text:ti_sysbios_family_arm_m3_Hwi_excMemFault__I)
                  00028f40    00000144     Menubar.obj (.text:SavetoUSB)
                  00029084    00000140     usblib.lib : usbdconfig.obj (.text:USBDeviceConfig)
                  000291c4    00000140     wifi_cc3100_tivaware.aem4f : driver.oem4f (.text:_SlDrvRxHdrRead)
                  00029304    0000013c                                : driver.oem4f (.text:_SlDrvDataWriteOp)
                  00029440    00000138     database.obj (.text:eeprom_read_backflush)
                  00029578    00000136     rtsv7M4_T_le_v4SPD16_eabi.lib : fd_div_t2.obj (.text)
                  000296ae    00000002     Irrigation_Controller_v1.0_pem4f.oem4f (.text:ti_sysbios_BIOS_nullFunc__I)
                  000296b0    00000134     modbus_main.obj (.text:SysMonitor)
                  000297e4    00000130     driverlib.lib : gpio.obj (.text:GPIOPadConfigSet)
                  00029914    00000128     Menubar.obj (.text:ShowPasswordScreen)
                  00029a3c    00000128     usblib.lib : usbhostenum.obj (.text:USBHCDPipeWrite)
                  00029b64    00000128     database.obj (.text:eeprom_write_zoneprog1)
                  00029c8c    00000124     wifi_cc3100_tivaware.aem4f : netapp.oem4f (.text:sl_NetAppPingStart)
                  00029db0    00000120                                : driver.oem4f (.text:_SlDrvMsgWrite)
                  00029ed0    00000120                                : driver.oem4f (.text:_SlDrvWaitForPoolObj)
                  00029ff0    00000120                                : socket.oem4f (.text:sl_Accept)
                  0002a110    0000011c     ti.sysbios.fatfs.aem4f : ff.oem4f (.text:f_rename)
                  0002a22c    00000118     ti.targets.arm.rtsarm.aem4f : Error.oem4f (.text:xdc_runtime_Error_policyDefault__E)
                  0002a344    00000117     ti.sysbios.fatfs.aem4f : ff.oem4f (.text:create_name)
                  0002a45b    00000001     --HOLE-- [fill = 0]
                  0002a45c    00000110     hibernate.obj (.text:GetDateTime)
                  0002a56c    00000110     main.obj (.text:Program_Task)
                  0002a67c    00000110     database.obj (.text:eeprom_read_network_wifi)
                  0002a78c    00000110     database.obj (.text:eeprom_write_fertiprog3)
                  0002a89c    00000110     rtsv7M4_T_le_v4SPD16_eabi.lib : xdscale.obj (.text)
                  0002a9ac    0000010c     GSM.obj (.text:GSM_Activate)
                  0002aab8    0000010c     main.obj (.text:Mode_Action)
                  0002abc4    00000004     driverlib.lib : uart.obj (.text:UARTIntClear)
                  0002abc8    00000108     sysbios.aem4f : BIOS.obj (.text:ti_sysbios_family_arm_lm4_Timer_start__E)
                  0002acd0    00000104     main.obj (.text:GUI_Task)
                  0002add4    00000104     database.obj (.text:eeprom_write_zoneprog2)
                  0002aed8    00000104     database.obj (.text:eeprom_write_zoneprog3)
                  0002afdc    00000100     usblib.lib : usbhostenum.obj (.text:USBHCDEnumHandler)
                  0002b0dc    00000100     database.obj (.text:get_default_value_network)
                  0002b1dc    00000100     ti.targets.arm.rtsarm.aem4f : Core-mem.oem4f (.text:xdc_runtime_Core_createObject__I)
                  0002b2dc    000000fc     usblib.lib : usbhmsc.obj (.text:USBHMSCDriveReady)
                  0002b3d8    000000fc     Menubar.obj (.text:WiFi_Internet_Test)
                  0002b4d4    000000fc     ti.sysbios.fatfs.aem4f : ff.oem4f (.text:dir_next)
                  0002b5d0    000000fc     rtsv7M4_T_le_v4SPD16_eabi.lib : fd_mul_t2.obj (.text)
                  0002b6cc    000000f8     Menubar.obj (.text:WiFi_Local_Test)
                  0002b7c4    000000f8     GSM.obj (.text:init_gsm)
                  0002b8bc    000000f8     ti.targets.arm.rtsarm.aem4f : Startup.oem4f (.text:xdc_runtime_Startup_startMods__I)
                  0002b9b4    000000f8     Irrigation_Controller_v1.0_pem4f.oem4f (.text:xdc_runtime_System_printfExtend__I)
                  0002baac    000000f4     Menubar.obj (.text:Buzzer_Test)
                  0002bba0    000000f4     Menubar.obj (.text:GSM_Test)
                  0002bc94    000000f4     usblib.lib : usbhostenum.obj (.text:USBHCDInit)
                  0002bd88    000000f4     database.obj (.text:eeprom_write_fertiprog1)
                  0002be7c    000000f4     sysbios.aem4f : m3_Hwi_asm.obj (.text:ti_sysbios_family_arm_m3_Hwi_dispatch__I)
                  0002bf70    000000f0     usblib.lib : usbhostenum.obj (.text:USBHCDControlTransfer)
                  0002c060    000000f0                : usbhostenum.obj (.text:USBHCDPipeFree)
                  0002c150    000000f0     sockets.obj (.text:checkInternetConnection)
                  0002c240    000000ec     Menubar.obj (.text:ContactInfo)
                  0002c32c    000000ec     main.obj (.text:Driver_init)
                  0002c418    000000ec     USBDatalog.obj (.text:Read_log)
                  0002c504    000000ec     wifi_cc3100_tivaware.aem4f : driver.oem4f (.text:_SlDrvReleasePoolObj)
                  0002c5f0    000000ec     rtsv7M4_T_le_v4SPD16_eabi.lib : fread.obj (.text)
                  0002c6dc    000000ec     wifi_cc3100_tivaware.aem4f : socket.oem4f (.text:sl_Connect)
                  0002c7c8    000000ea     usblib.lib : usbdma.obj (.text:iDMAUSBTransfer)
                  0002c8b2    00000002                : usbdma.obj (.text:uDMAUSBChannelIntDisable)
                  0002c8b4    000000e8     drivers_tivaware.aem4f : I2CTiva.oem4f (.text:I2CTiva_open)
                  0002c99c    000000e8     main.obj (.text:Modbus_Task)
                  0002ca84    000000e8     mbfuncdisc_m.obj (.text:eMBMasterFuncReadDiscreteInputs)
                  0002cb6c    000000e8     database.obj (.text:eeprom_read_fertiprog2)
                  0002cc54    000000e4     usblib.lib : usbdenum.obj (.text:USBDGetDescriptor)
                  0002cd38    000000e4     Menubar.obj (.text:time_strtodec)
                  0002ce1c    000000e2     ti.sysbios.fatfs.aem4f : ff.oem4f (.text:put_fat)
                  0002cefe    00000002     usblib.lib : usbdma.obj (.text:uDMAUSBChannelIntEnable)
                  0002cf00    000000e0     drivers_tivaware.aem4f : SPITivaDMA.oem4f (.text:SPITivaDMA_open)
                  0002cfe0    000000e0     usblib.lib : usbhostenum.obj (.text:USBHCDMain)
                  0002d0c0    000000dc     rtsv7M4_T_le_v4SPD16_eabi.lib : setvbuf.obj (.text)
                  0002d19c    000000d8     GLCD.obj (.text:GLCD_MsgLine_Update)
                  0002d274    000000d8     usblib.lib : usbdenum.obj (.text:USBDeviceEnumHandler)
                  0002d34c    000000d8                : usbhostenum.obj (.text:USBHCDPipeConfig)
                  0002d424    000000d6     drivers_tivaware.aem4f : I2CTiva.oem4f (.text:I2CTiva_hwiFxn)
                  0002d4fa    00000002     Irrigation_Controller_v1.0_pem4f.oem4f (.text:xdc_runtime_Startup_reset__I)
                  0002d4fc    000000d4     IRQ.obj (.text:BuzzerUpdate)
                  0002d5d0    000000d4     wifi_cc3100_tivaware.aem4f : WiFiCC3100.oem4f (.text:WiFiCC3100_open)
                  0002d6a4    00000004     driverlib.lib : usb.obj (.text:USBDevAddrSet)
                  0002d6a8    000000d4     sysbios.aem4f : BIOS.obj (.text:ti_sysbios_knl_Mailbox_Instance_init__E)
                  0002d77c    000000cc     eeprom_ud.obj (.text:EEPROMRead)
                  0002d848    000000cc     ti.sysbios.fatfs.aem4f : ff.oem4f (.text:get_fat)
                  0002d914    000000cc     wifi_cc3100_tivaware.aem4f : device.oem4f (.text:sl_Stop)
                  0002d9e0    000000cc     sysbios.aem4f : BIOS.obj (.text:ti_sysbios_heaps_HeapMem_alloc__E)
                  0002daac    00000004     drivers_tivaware.aem4f : USBMSCHFatFsTiva.oem4f (.text:USBMSCHFatFsTiva_control)
                  0002dab0    000000cc     sysbios.aem4f : BIOS.obj (.text:ti_sysbios_knl_Task_Instance_init__E)
                  0002db7c    000000cc     ti.targets.arm.rtsarm.aem4f : Core-smem.oem4f (.text:xdc_runtime_Core_constructObject__I)
                  0002dc48    000000c8     Menubar.obj (.text:AutoMan_SelectMode)
                  0002dd10    000000c8     mbrtu_m.obj (.text:eMBMasterRTUSend)
                  0002ddd8    000000c8     database.obj (.text:eeprom_write_backflush)
                  0002dea0    000000c8     rtsv7M4_T_le_v4SPD16_eabi.lib : fflush.obj (.text)
                  0002df68    000000c8     portserial_m.obj (.text:xMBMasterPortSerialInit)
                  0002e030    000000c8     mbrtu_m.obj (.text:xMBMasterRTUReceiveFSM)
                  0002e0f8    000000c4     driverlib.lib : hibernate.obj (.text:_HibernateCalendarSet)
                  0002e1bc    000000c4     Program.obj (.text:mainpump_update)
                  0002e280    000000c4     wifi_cc3100_tivaware.aem4f : device.oem4f (.text:sl_Start)
                  0002e344    000000c2     driverlib.lib : usb.obj (.text:USBHostEndpointConfig)
                  0002e406    00000002     --HOLE-- [fill = 0]
                  0002e408    000000c0     drivers_tivaware.aem4f : SPITivaDMA.oem4f (.text:SPITivaDMA_configDMA)
                  0002e4c8    000000c0     database.obj (.text:eeprom_read_network_gsm)
                  0002e588    000000c0     sysbios.aem4f : BIOS.obj (.text:ti_sysbios_knl_Task_sleep__E)
                  0002e648    000000c0     usblib.lib : usbdma.obj (.text:uDMAUSBChannelAllocate)
                  0002e708    000000c0     mbutils.obj (.text:xMBUtilSetBits)
                  0002e7c8    000000be     ti.sysbios.fatfs.aem4f : ff.oem4f (.text:f_unlink)
                  0002e886    000000be     rtsv7M4_T_le_v4SPD16_eabi.lib : xdnorm.obj (.text)
                  0002e944    000000bc     Menubar.obj (.text:Show)
                  0002ea00    000000bc     usblib.lib : usbmode.obj (.text:USB0OTGModeIntHandler)
                  0002eabc    000000bc     mbfuncholding_m.obj (.text:eMBMasterFuncReadHoldingRegister)
                  0002eb78    000000bc     sysbios.aem4f : BIOS.obj (.text:ti_sysbios_family_arm_m3_Hwi_excDebugMon__I)
                  0002ec34    00000004     drivers_tivaware.aem4f : USBMSCHFatFsTiva.oem4f (.text:USBMSCHFatFsTiva_hwiHandler)
                  0002ec38    000000bc     sysbios.aem4f : BIOS.obj (.text:ti_sysbios_family_arm_m3_Hwi_excHardFault__I)
                  0002ecf4    00000004     driverlib.lib : watchdog.obj (.text:WatchdogReloadSet)
                  0002ecf8    000000bc     sysbios.aem4f : BIOS.obj (.text:ti_sysbios_knl_Task_Instance_finalize__E)
                  0002edb4    000000ba     mbfuncinput_m.obj (.text:eMBMasterFuncReadInputRegister)
                  0002ee6e    000000ba     usblib.lib : usbdma.obj (.text:uDMAUSBTransfer)
                  0002ef28    000000b8     GLCD.obj (.text:GLCD_Screen_Update)
                  0002efe0    000000b8     Irrigation_Controller.obj (.text:Irrigation_Controller_initGeneral)
                  0002f098    000000b8     wifi_cc3100_tivaware.aem4f : driver.oem4f (.text:_SlDrvMsgReadCmdCtx)
                  0002f150    000000b8     ti.sysbios.fatfs.aem4f : ffcio.oem4f (.text:ffcio_open)
                  0002f208    000000b4     GLCD.obj (.text:GLCD_writecharLargeFont)
                  0002f2bc    000000b4     Menubar.obj (.text:GetOutputSortedList)
                  0002f370    000000b4     sockets.obj (.text:SimpleLinkNetAppEventHandler)
                  0002f424    000000b4     database.obj (.text:eeprom_read_hardwareconfig)
                  0002f4d8    000000b4     database.obj (.text:eeprom_read_systemsetup)
                  0002f58c    000000b2     ti.sysbios.fatfs.aem4f : ff.oem4f (.text:sync)
                  0002f63e    00000002     --HOLE-- [fill = 0]
                  0002f640    000000b0     database.obj (.text:eeprom_read_progstatus)
                  0002f6f0    000000b0     database.obj (.text:eeprom_write_network_wifi)
                  0002f7a0    000000b0     database.obj (.text:eeprom_write_progstatus)
                  0002f850    000000b0     wifi_cc3100_tivaware.aem4f : socket.oem4f (.text:sl_Send)
                  0002f900    000000ac     rtsv7M4_T_le_v4SPD16_eabi.lib : _io_perm.obj (.text)
                  0002f9ac    00000004     ti.sysbios.fatfs.aem4f : syncsysbios.oem4f (.text:ff_rel_grant)
                  0002f9b0    000000ac     sysbios.aem4f : BIOS.obj (.text:ti_sysbios_family_arm_lm4_Timer_enableTiva__I)
                  0002fa5c    000000a6     ti.sysbios.fatfs.aem4f : ff.oem4f (.text:f_sync)
                  0002fb02    00000002     --HOLE-- [fill = 0]
                  0002fb04    000000a4     Menubar.obj (.text:GetTotalTime_ferti)
                  0002fba8    000000a4     drivers_tivaware.aem4f : SPITivaDMA.oem4f (.text:SPITivaDMA_initHw)
                  0002fc4c    000000a4     usblib.lib : usbhmsc.obj (.text:USBHMSCOpen)
                  0002fcf0    000000a4     drivers_tivaware.aem4f : WatchdogTiva.oem4f (.text:WatchdogTiva_open)
                  0002fd94    000000a0     GLCD.obj (.text:Draw_Point)
                  0002fe34    000000a0     auto_init.aem4f : auto_init.oem4f (.text)
                  0002fed4    000000a0     drivers_tivaware.aem4f : UARTTiva.oem4f (.text:readTaskBlocking)
                  0002ff74    000000a0     rtsv7M4_T_le_v4SPD16_eabi.lib : _bufread.obj (.text)
                  00030014    000000a0     mbrtu_m.obj (.text:xMBMasterRTUTimerExpired)
                  000300b4    000000a0     ti.targets.arm.rtsarm.aem4f : Text.oem4f (.text:xdc_runtime_Text_putMod__E)
                  00030154    0000009c     hibernate.obj (.text:ComputeDayOfWeek)
                  000301f0    0000009c     GLCD.obj (.text:GLCD_write_messagebar)
                  0003028c    0000009c     GLCD.obj (.text:GLCD_write_titlebar)
                  00030328    0000009c     usblib.lib : usbhostenum.obj (.text:USBHCDDeviceDisconnected)
                  000303c4    0000009c     sockets.obj (.text:establishConnectionWithAP)
                  00030460    0000009c     rtsv7M4_T_le_v4SPD16_eabi.lib : memcpy_t2.obj (.text)
                  000304fc    00000004     ti.sysbios.fatfs.aem4f : diskio.oem4f (.text:get_fattime)
                  00030500    0000009c     sysbios.aem4f : BIOS.obj (.text:ti_sysbios_knl_Task_postInit__I)
                  0003059c    0000009c     USBDatalog.obj (.text:usb_test_read)
                  00030638    0000009a     ti.targets.arm.rtsarm.aem4f : Text.oem4f (.text:xdc_runtime_Text_putSite__E)
                  000306d2    00000002     --HOLE-- [fill = 0]
                  000306d4    00000098     drivers_tivaware.aem4f : GPIOTiva.oem4f (.text:GPIO_init)
                  0003076c    00000098     Irrigation_Controller.obj (.text:Irrigation_Controller_initUSB)
                  00030804    00000098     drivers_tivaware.aem4f : UARTTiva.oem4f (.text:UARTTiva_readPolling)
                  0003089c    00000098     usblib.lib : usbdenum.obj (.text:USBDSetInterface)
                  00030934    00000098     wifi_cc3100_tivaware.aem4f : driver.oem4f (.text:_SlDrvMsgReadSpawnCtx)
                  000309cc    00000098     ti.sysbios.fatfs.aem4f : ff.oem4f (.text:create_chain)
                  00030a64    00000098     database.obj (.text:eeprom_read_firmware)
                  00030afc    00000098     database.obj (.text:eeprom_write_firmware)
                  00030b94    00000098     Program.obj (.text:fertipump_onoff)
                  00030c2c    00000098     rtsv7M4_T_le_v4SPD16_eabi.lib : fclose.obj (.text)
                  00030cc4    00000098     Boot.aem4f : Boot.oem4f (.text:ti_catalog_arm_cortexm4_tiva_ce_Boot_sysCtlClockFreqSet__E)
                  00030d5c    00000094     Irrigation_Controller.obj (.text:Irrigation_Controller_initWiFi)
                  00030df0    00000094     drivers_tivaware.aem4f : UARTTiva.oem4f (.text:UARTTiva_write)
                  00030e84    00000094     usblib.lib : usbhostenum.obj (.text:USBHCDOpenDriver)
                  00030f18    00000094     wifi_cc3100_tivaware.aem4f : driver.oem4f (.text:_SlFindAndSetActiveObj)
                  00030fac    00000094     GSM.obj (.text:strtofloat1)
                  00031040    00000094     Menubar.obj (.text:strtofloat)
                  000310d4    00000004     wifi_cc3100_tivaware.aem4f : osi_tirtos.oem4f (.text:mem_Malloc)
                  000310d8    00000094     sysbios.aem4f : BIOS.obj (.text:ti_sysbios_family_arm_m3_Hwi_Instance_init__E)
                  0003116c    00000004     Program.obj (.text:sensor_check)
                  00031170    00000094     sysbios.aem4f : BIOS.obj (.text:ti_sysbios_family_arm_m3_Hwi_initNVIC__E)
                  00031204    00000092     hibernate.obj (.text:ReadDateTime)
                  00031296    00000002     --HOLE-- [fill = 0]
                  00031298    00000090     usblib.lib : usbhostenum.obj (.text:FIFOAlloc)
                  00031328    00000090     wifi_cc3100_tivaware.aem4f : driver.oem4f (.text:_SlDrvClassifyRxMsg)
                  000313b8    00000090                                : driver.oem4f (.text:_SlDrvDriverCBInit)
                  00031448    00000090     hibernate.obj (.text:get_updated_datetime)
                  000314d8    00000090     portevent_m.obj (.text:xMBMasterPortEventGet)
                  00031568    0000008e     mbfuncdisc_m.obj (.text:eMBMasterReqReadDiscreteInputs)
                  000315f6    0000008e     mbfuncinput_m.obj (.text:eMBMasterReqReadInputRegister)
                  00031684    0000008c     drivers_tivaware.aem4f : UARTTiva.oem4f (.text:UARTTiva_control)
                  00031710    0000008c     usblib.lib : usbdenum.obj (.text:USBDSetConfiguration)
                  0003179c    0000008c                : usbdconfig.obj (.text:USBDeviceConfigAlternate)
                  00031828    0000008c                : usbhostenum.obj (.text:USBHCDClearFeature)
                  000318b4    0000008c     sysbios.aem4f : m3_TaskSupport_asm.obj (.text:ti_sysbios_family_arm_m3_TaskSupport_buildTaskStack)
                  00031940    0000008c                   : BIOS.obj (.text:ti_sysbios_knl_Event_post__E)
                  000319cc    0000008a     drivers_tivaware.aem4f : UARTTiva.oem4f (.text:readIsrTextBlocking)
                  00031a56    00000002     --HOLE-- [fill = 0]
                  00031a58    00000088     usblib.lib : usbhscsi.obj (.text:USBHSCSISendCommand)
                  00031ae0    00000088     Irrigation_Controller.obj (.text:adc_init)
                  00031b68    00000088     database.obj (.text:eeprom_write_fertiprog2)
                  00031bf0    00000088     wifi_cc3100_tivaware.aem4f : netapp.oem4f (.text:sl_NetAppMDNSRegisterUnregisterService)
                  00031c78    00000088     sysbios.aem4f : BIOS.obj (.text:ti_sysbios_knl_Mailbox_post__E)
                  00031d00    00000086     rtsv7M4_T_le_v4SPD16_eabi.lib : fd_cmp_t2.obj (.text:__aeabi_cdcmple)
                  00031d86    00000086                                   : fd_cmp_t2.obj (.text:__aeabi_cdrcmple)
                  00031e0c    00000084     USBDatalog.obj (.text:Write_log)
                  00031e90    00000084     wifi_cc3100_tivaware.aem4f : driver.oem4f (.text:_SlDrvCmdOp)
                  00031f14    00000084     portevent_m.obj (.text:eMBMasterWaitRequestFinish)
                  00031f98    00000084     database.obj (.text:get_default_value_progstatus)
                  0003201c    00000084     usblib.lib : usbdma.obj (.text:iDMAUSBChannelAllocate)
                  000320a0    00000084     keypad.obj (.text:led_control)
                  00032124    00000084     driverlib.lib : udma.obj (.text:uDMAChannelTransferSet)
                  000321a8    00000082     drivers_tivaware.aem4f : UARTTiva.oem4f (.text:readIsrTextCallback)
                  0003222a    00000002     --HOLE-- [fill = 0]
                  0003222c    00000080     Menubar.obj (.text:OP_TypeID_Update)
                  000322ac    00000080     wifi_cc3100_tivaware.aem4f : netapp.oem4f (.text:_sl_HandleAsync_DnsGetHostByName)
                  0003232c    00000080                                : netapp.oem4f (.text:_sl_HandleAsync_PingResponse)
                  000323ac    00000080     database.obj (.text:eeprom_write_network_gsm)
                  0003242c    00000080     wifi_cc3100_tivaware.aem4f : WiFiCC3100.oem4f (.text:spi_Read)
                  000324ac    00000080                                : WiFiCC3100.oem4f (.text:spi_Write)
                  0003252c    00000004     Irrigation_Controller_v1.0_pem4f.oem4f (.text:ti_sysbios_BIOS_RtsGateProxy_enter__E)
                  00032530    00000080     sysbios.aem4f : BIOS.obj (.text:ti_sysbios_knl_Semaphore_post__E)
                  000325b0    0000007e     drivers_tivaware.aem4f : I2CTiva.oem4f (.text:I2CTiva_transfer)
                  0003262e    00000002     --HOLE-- [fill = 0]
                  00032630    0000007c     GLCD.obj (.text:GLCD_WriteDataLargeFont)
                  000326ac    0000007c     usblib.lib : usbdenum.obj (.text:USBDClearFeature)
                  00032728    0000007c     ti.sysbios.fatfs.aem4f : ff.oem4f (.text:dir_sdi)
                  000327a4    0000007c     wifi_cc3100_tivaware.aem4f : device.oem4f (.text:sl_DevGet)
                  00032820    0000007c     sysbios.aem4f : BIOS.obj (.text:ti_sysbios_heaps_HeapMem_free__E)
                  0003289c    0000007c     USBDatalog.obj (.text:usb_test_write)
                  00032918    0000007a     driverlib.lib : adc.obj (.text:ADCSequenceStepConfigure)
                  00032992    0000007a                   : usb.obj (.text:USBDevEndpointConfigSet)
                  00032a0c    0000007a     drivers_tivaware.aem4f : UARTTiva.oem4f (.text:readTaskCallback)
                  00032a86    0000007a     rtsv7M4_T_le_v4SPD16_eabi.lib : memset_t2.obj (.text)
                  00032b00    00000078     wifi_cc3100_tivaware.aem4f : device.oem4f (.text:_sl_HandleAsync_InitComplete)
                  00032b78    00000078     database.obj (.text:eeprom_write_hardwareconfig)
                  00032bf0    00000078     database.obj (.text:eeprom_write_systemsetup)
                  00032c68    00000078     database.obj (.text:get_default_value_firmware)
                  00032ce0    00000076     ti.sysbios.fatfs.aem4f : ff.oem4f (.text:follow_path)
                  00032d56    00000002     --HOLE-- [fill = 0]
                  00032d58    00000074     usblib.lib : usbdenum.obj (.text:USBDGetStatus)
                  00032dcc    00000074                : usbhostenum.obj (.text:USBHCDGetConfigDescriptor)
                  00032e40    00000074     hibernate.obj (.text:WriteDateTime)
                  00032eb4    00000074     ti.sysbios.fatfs.aem4f : ff.oem4f (.text:check_fs)
                  00032f28    00000074     sysbios.aem4f : BIOS.obj (.text:ti_sysbios_family_arm_m3_Hwi_postInit__I)
                  00032f9c    00000004     Irrigation_Controller_v1.0_pem4f.oem4f (.text:ti_sysbios_BIOS_RtsGateProxy_leave__E)
                  00032fa0    00000074     sysbios.aem4f : BIOS.obj (.text:ti_sysbios_knl_Mailbox_pend__E)
                  00033014    00000072     usblib.lib : usbdma.obj (.text:uDMAUSBArbSizeSet)
                  00033086    00000002     --HOLE-- [fill = 0]
                  00033088    00000070                : usbdenum.obj (.text:USBDEP0StateTx)
                  000330f8    00000070     wifi_cc3100_tivaware.aem4f : osi_tirtos.oem4f (.text:VStartSimpleLinkSpawnTask)
                  00033168    00000070     WifiCC3100.obj (.text:WIFI_Main)
                  000331d8    00000070     Menubar.obj (.text:get_output_id)
                  00033248    00000070     ti.sysbios.fatfs.aem4f : ff.oem4f (.text:move_window)
                  000332b8    00000070     sysbios.aem4f : BIOS.obj (.text:ti_sysbios_knl_Mailbox_Instance_finalize__E)
                  00033328    00000070                   : BIOS.obj (.text:ti_sysbios_knl_Semaphore_Instance_init__E)
                  00033398    00000070     usblib.lib : usbdma.obj (.text:uDMAUSBUnitSizeSet)
                  00033408    00000070     mbrtu_m.obj (.text:xMBMasterRTUTransmitFSM)
                  00033478    0000006c     GLCD.obj (.text:GLCD_clear_page)
                  000334e4    0000006c     usblib.lib : usbmode.obj (.text:USBOTGSetMode)
                  00033550    0000006c     wifi_cc3100_tivaware.aem4f : socket.oem4f (.text:_sl_HandleAsync_Connect)
                  000335bc    0000006c                                : socket.oem4f (.text:_sl_TruncatePayloadByProtocol)
                  00033628    0000006c     GLCD.obj (.text:select_chip)
                  00033694    0000006c     Menubar.obj (.text:set_edit_time)
                  00033700    0000006c     sysbios.aem4f : BIOS.obj (.text:ti_sysbios_knl_Clock_workFunc__E)
                  0003376c    00000004                   : BIOS.obj (.text:ti_sysbios_family_arm_lm4_Timer_masterEnable__I)
                  00033770    0000006c                   : BIOS.obj (.text:ti_sysbios_knl_Task_exit__E)
                  000337dc    0000006c     mbcrc.obj (.text:usMBCRC16)
                  00033848    0000006c     drivers_tivaware.aem4f : UARTTiva.oem4f (.text:writeData)
                  000338b4    0000006c     ti.targets.arm.rtsarm.aem4f : Error.oem4f (.text:xdc_runtime_Error_print__E)
                  00033920    0000006c                                 : Memory.oem4f (.text:xdc_runtime_Memory_alloc__E)
                  0003398c    0000006a     rtsv7M4_T_le_v4SPD16_eabi.lib : copy_decompress_rle.obj (.text)
                  000339f6    00000002     --HOLE-- [fill = 0]
                  000339f8    00000068     driverlib.lib : hibernate.obj (.text:HibernateCalendarGet)
                  00033a60    00000068     Menubar.obj (.text:InitFunctionScreen)
                  00033ac8    00000068     driverlib.lib : interrupt.obj (.text:IntDisable)
                  00033b30    00000068                   : interrupt.obj (.text:IntEnable)
                  00033b98    00000068     usblib.lib : usbdenum.obj (.text:USBDSetFeature)
                  00033c00    00000068     wifi_cc3100_tivaware.aem4f : socket.oem4f (.text:_sl_HandleAsync_Accept)
                  00033c68    00000068                                : netapp.oem4f (.text:_sl_HandleAsync_DnsGetHostByService)
                  00033cd0    00000068     modbus_main.obj (.text:periodic_1msec)
                  00033d38    00000068     rtsv7M4_T_le_v4SPD16_eabi.lib : trgmsg.obj (.text)
                  00033da0    00000066                                   : xdunscal.obj (.text)
                  00033e06    00000066     ti.targets.arm.rtsarm.aem4f : Core-mem.oem4f (.text:xdc_runtime_Core_deleteObject__I)
                  00033e6c    00000064     GLCD.obj (.text:GLCD_writechar)
                  00033ed0    00000064     GLCD.obj (.text:GLCD_writesymbol)
                  00033f34    00000064     drivers_tivaware.aem4f : GPIOTiva.oem4f (.text:GPIO_hwiIntFxn)
                  00033f98    00000064     Menubar.obj (.text:HomeStatus)
                  00033ffc    00000064     driverlib.lib : interrupt.obj (.text:IntIsEnabled)
                  00034060    00000064     wifi_cc3100_tivaware.aem4f : driver.oem4f (.text:_SlDrvDriverCBDeinit)
                  000340c4    00000064     keypad.obj (.text:keypad_interrupt)
                  00034128    00000064     rtsv7M4_T_le_v4SPD16_eabi.lib : fseek.obj (.text)
                  0003418c    00000064                                   : ftell.obj (.text)
                  000341f0    00000064     sysbios.aem4f : BIOS.obj (.text:ti_sysbios_family_arm_lm4_Timer_Module_startup__E)
                  00034254    00000064     Irrigation_Controller_v1.0_pem4f.oem4f (.text:ti_sysbios_family_arm_m3_Hwi_create)
                  000342b8    00000064     Irrigation_Controller_v1.0_pem4f.oem4f (.text:ti_sysbios_knl_Mailbox_create)
                  0003431c    00000064     usblib.lib : usbdma.obj (.text:uDMAUSBChannelEnable)
                  00034380    00000064     ti.targets.arm.rtsarm.aem4f : System.oem4f (.text:xdc_runtime_System_formatNum__I)
                  000343e4    00000062     drivers_tivaware.aem4f : I2CTiva.oem4f (.text:I2CTiva_primeTransfer)
                  00034446    00000062                            : SPITivaDMA.oem4f (.text:SPITivaDMA_transfer)
                  000344a8    00000062     ti.sysbios.fatfs.aem4f : ff.oem4f (.text:remove_chain)
                  0003450a    00000002     --HOLE-- [fill = 0]
                  0003450c    00000060     usblib.lib : usbdenum.obj (.text:USBDReadAndDispatchRequest)
                  0003456c    00000060                : usbhostenum.obj (.text:USBHostCheckPipes)
                  000345cc    00000060     USBDatalog.obj (.text:USBlog_init)
                  0003462c    00000060     Menubar.obj (.text:check_data_validity)
                  0003468c    00000060     rtsv7M4_T_le_v4SPD16_eabi.lib : sprintf.obj (.text)
                  000346ec    00000060     Menubar.obj (.text:set_disp_time)
                  0003474c    0000005e     driverlib.lib : usb.obj (.text:USBDevEndpointStatusClear)
                  000347aa    0000005e     ti.sysbios.fatfs.aem4f : ff.oem4f (.text:dir_register)
                  00034808    0000005e     drivers_tivaware.aem4f : UARTTiva.oem4f (.text:readIsrBinaryBlocking)
                  00034866    00000002     --HOLE-- [fill = 0]
                  00034868    0000005c     keypad.obj (.text:Board_initkeypad)
                  000348c4    0000005c     usblib.lib : usbhostenum.obj (.text:ConfigDescAlloc)
                  00034920    0000005c     Irrigation_Controller.obj (.text:Irrigation_Controller_initDMA)
                  0003497c    0000005c     Irrigation_Controller.obj (.text:Irrigation_Controller_initUART)
                  000349d8    0000005c     usblib.lib : usbhostenum.obj (.text:USBHCDGetDeviceDescriptor)
                  00034a34    0000005c                : usbhscsi.obj (.text:USBHSCSIRead10)
                  00034a90    0000005c                : usbhscsi.obj (.text:USBHSCSIWrite10)
                  00034aec    0000005c     wifi_cc3100_tivaware.aem4f : socket.oem4f (.text:_sl_HandleAsync_Select)
                  00034b48    0000005c     mbrtu_m.obj (.text:eMBMasterRTUReceive)
                  00034ba4    0000005c     database.obj (.text:get_default_value_backflush)
                  00034c00    0000005c     sysbios.aem4f : BIOS.obj (.text:ti_sysbios_knl_Task_Module_startup__E)
                  00034c5c    0000005c     Irrigation_Controller_v1.0_pem4f.oem4f (.text:ti_sysbios_knl_Task_create)
                  00034cb8    0000005c     sysbios.aem4f : BIOS.obj (.text:ti_sysbios_knl_Task_startCore__E)
                  00034d14    0000005b     ti.targets.arm.rtsarm.aem4f : Text.oem4f (.text:xdc_runtime_Text_putLab__E)
                  00034d6f    00000001     --HOLE-- [fill = 0]
                  00034d70    00000058     boot.aem4f : boot.oem4f (.text)
                  00034dc8    00000058     hibernate.obj (.text:GetDaysInMonth)
                  00034e20    00000058     usblib.lib : usbhostenum.obj (.text:USBHCDEP0StateTx)
                  00034e78    00000058                : usbhostenum.obj (.text:USBHCDHubDeviceConnected)
                  00034ed0    00000058     wifi_cc3100_tivaware.aem4f : device.oem4f (.text:_sl_HandleAsync_Stop)
                  00034f28    00000058     database.obj (.text:get_default_value_contactinfo)
                  00034f80    00000058     GLCD.obj (.text:goto_column)
                  00034fd8    00000058     wifi_cc3100_tivaware.aem4f : socket.oem4f (.text:sl_Bind)
                  00035030    00000058     Irrigation_Controller_v1.0_pem4f.oem4f (.text:ti_sysbios_family_arm_m3_Hwi_construct)
                  00035088    00000058     sysbios.aem4f : m3_Hwi_asm_switch.obj (.text:ti_sysbios_family_arm_m3_Hwi_initStacks__E)
                  000350e0    00000058     ustdlib.obj (.text:ustrncpy)
                  00035138    00000056     driverlib.lib : gpio.obj (.text:GPIOIntTypeSet)
                  0003518e    00000056     rtsv7M4_T_le_v4SPD16_eabi.lib : ltoa.obj (.text)
                  000351e4    00000056     usblib.lib : usbdma.obj (.text:uDMAUSBChannelRelease)
                  0003523a    00000002     --HOLE-- [fill = 0]
                  0003523c    00000054     GLCD.obj (.text:GLCD_write_byte)
                  00035290    00000054     main.obj (.text:GSM_Task)
                  000352e4    00000054     drivers_tivaware.aem4f : UARTTiva.oem4f (.text:readIsrBinaryCallback)
                  00035338    00000054     hibernate.obj (.text:rtc_init)
                  0003538c    00000054     Menubar.obj (.text:textbox_set_initial_cursrpos)
                  000353e0    00000054     sysbios.aem4f : BIOS.obj (.text:ti_sysbios_family_arm_lm4_Timer_initDevice__I)
                  00035434    00000004     Irrigation_Controller_v1.0_pem4f.oem4f (.text:ti_sysbios_family_arm_m3_Hwi_destruct)
                  00035438    00000054     sysbios.aem4f : BIOS.obj (.text:ti_sysbios_family_arm_m3_Hwi_dispatchC__I)
                  0003548c    00000054     Irrigation_Controller_v1.0_pem4f.oem4f (.text:ti_sysbios_knl_Task_construct)
                  000354e0    00000054     ti.targets.arm.rtsarm.aem4f : Assert.oem4f (.text:xdc_runtime_Assert_raise__I)
                  00035534    00000052     usblib.lib : usbulpi.obj (.text:ULPIConfigSet)
                  00035586    00000052     drivers_tivaware.aem4f : USBMSCHFatFsTiva.oem4f (.text:USBMSCHFatFsTiva_close)
                  000355d8    00000052     Menubar.obj (.text:ftoa)
                  0003562a    00000052     rtsv7M4_T_le_v4SPD16_eabi.lib : ldexp.obj (.text)
                  0003567c    00000050     IRQ.obj (.text:Beep_Buzzer)
                  000356cc    00000050     drivers_tivaware.aem4f : GPIOTiva.oem4f (.text:GPIO_setCallback)
                  0003571c    00000050                            : GPIOTiva.oem4f (.text:GPIO_write)
                  0003576c    00000050     driverlib.lib : sysctl.obj (.text:SysCtlPeripheralReset)
                  000357bc    00000050     drivers_tivaware.aem4f : UARTTiva.oem4f (.text:UARTTiva_writeCancel)
                  0003580c    00000050     usblib.lib : usbdcdesc.obj (.text:USBDCDConfigDescGet)
                  0003585c    00000050                : usbdenum.obj (.text:USBDeviceResumeTickHandler)
                  000358ac    00000050     drivers_tivaware.aem4f : USBMSCHFatFsTiva.oem4f (.text:USBMSCHFatFsTiva_diskWrite)
                  000358fc    00000050     Boot.aem4f : Boot_sysctl.oem4f (.text:_SysCtlFrequencyGet)
                  0003594c    00000050     database.obj (.text:eeprom_read_authentication)
                  0003599c    00000050     database.obj (.text:eeprom_read_output)
                  000359ec    00000004     Irrigation_Controller_v1.0_pem4f.oem4f (.text:ti_sysbios_family_arm_m3_TaskSupport_Module__startupDone__S)
                  000359f0    00000050     sysbios.aem4f : BIOS.obj (.text:ti_sysbios_family_arm_m3_Hwi_Module_startup__E)
                  00035a40    00000050                   : BIOS.obj (.text:ti_sysbios_knl_Clock_Instance_init__E)
                  00035a90    00000050     ti.targets.arm.rtsarm.aem4f : Startup.oem4f (.text:xdc_runtime_Startup_exec__E)
                  00035ae0    0000004e     usblib.lib : usbhhub.obj (.text:HubGetPortStatus)
                  00035b2e    0000004e     driverlib.lib : usb.obj (.text:USBDevEndpointStallClear)
                  00035b7c    0000004c     usblib.lib : usbdcdesc.obj (.text:ConfigAlternateInterfaceGet)
                  00035bc8    0000004c     eeprom_ud.obj (.text:EEPROMInit)
                  00035c14    0000004c     usblib.lib : usbdconfig.obj (.text:GetEPDescriptorType)
                  00035c60    0000004c                : usbhhub.obj (.text:HubDriverDeviceDisconnect)
                  00035cac    0000004c     Menubar.obj (.text:ShowHomeMode)
                  00035cf8    0000004c     drivers_tivaware.aem4f : UARTTiva.oem4f (.text:UARTTiva_close)
                  00035d44    0000004c     driverlib.lib : usb.obj (.text:USBEndpointDMAConfigSet)
                  00035d90    0000004c     usblib.lib : usbhostenum.obj (.text:USBHCDPowerConfigSet)
                  00035ddc    0000004c                : usbhostenum.obj (.text:USBHCDSetAddress)
                  00035e28    0000004c     drivers_tivaware.aem4f : USBMSCHFatFsTiva.oem4f (.text:USBMSCHFatFsTiva_diskRead)
                  00035e74    0000004c     database.obj (.text:eeprom_read_contactinfo)
                  00035ec0    0000004c     database.obj (.text:eeprom_write_contactinfo)
                  00035f0c    0000004c     rtsv7M4_T_le_v4SPD16_eabi.lib : atoi.obj (.text)
                  00035f58    0000004c                                   : cpy_tbl.obj (.text)
                  00035fa4    0000004c                                   : localtim.obj (.text)
                  00035ff0    0000004c     Irrigation_Controller_v1.0_pem4f.oem4f (.text:ti_sysbios_fatfs_startup)
                  0003603c    00000004     Irrigation_Controller_v1.0_pem4f.oem4f (.text:ti_sysbios_gates_GateMutex_destruct)
                  00036040    0000004c     sysbios.aem4f : BIOS.obj (.text:ti_sysbios_heaps_HeapMem_getStats__E)
                  0003608c    00000004     Irrigation_Controller_v1.0_pem4f.oem4f (.text:ti_sysbios_heaps_HeapMem_Module_GateProxy_enter__E)
                  00036090    0000004c     sysbios.aem4f : BIOS.obj (.text:ti_sysbios_knl_Task_allBlockedFunction__I)
                  000360dc    00000004     Irrigation_Controller_v1.0_pem4f.oem4f (.text:ti_sysbios_heaps_HeapMem_Module_GateProxy_leave__E)
                  000360e0    0000004c     sysbios.aem4f : BIOS.obj (.text:ti_sysbios_knl_Task_schedule__I)
                  0003612c    0000004a     wifi_cc3100_tivaware.aem4f : device.oem4f (.text:_sl_GetStartResponseConvert)
                  00036176    0000004a     mbrtu_m.obj (.text:eMBMasterRTUInit)
                  000361c0    0000004a     usblib.lib : usbdma.obj (.text:iDMAUSBChannelEnable)
                  0003620a    0000004a                : usbdma.obj (.text:uDMAUSBChannelDisable)
                  00036254    00000048     driverlib.lib : gpio.obj (.text:GPIOPinConfigure)
                  0003629c    00000048                   : i2c.obj (.text:I2CMasterInitExpClk)
                  000362e4    00000048     usblib.lib : usbdenum.obj (.text:USBDStringIndexFromRequest)
                  0003632c    00000048                : usbdenum.obj (.text:USBDeviceEnumResetHandler)
                  00036374    00000048     driverlib.lib : usb.obj (.text:USBFIFOFlush)
                  000363bc    00000048     usblib.lib : usbhhub.obj (.text:USBHHubInit)
                  00036404    00000048     wifi_cc3100_tivaware.aem4f : driver.oem4f (.text:_SlRemoveFromList)
                  0003644c    00000048     ti.sysbios.fatfs.aem4f : ff.oem4f (.text:dir_find)
                  00036494    00000048     mb_m.obj (.text:eMBMasterInit)
                  000364dc    00000048     database.obj (.text:eeprom_read_sensor)
                  00036524    00000048     Menubar.obj (.text:get_edit_time)
                  0003656c    00000048     GLCD.obj (.text:goto_page)
                  000365b4    00000048     rtsv7M4_T_le_v4SPD16_eabi.lib : fd_toi_t2.obj (.text)
                  000365fc    00000048     wifi_cc3100_tivaware.aem4f : netapp.oem4f (.text:sl_NetAppSet)
                  00036644    00000048                                : netcfg.oem4f (.text:sl_NetCfgSet)
                  0003668c    00000048                                : wlan.oem4f (.text:sl_WlanSet)
                  000366d4    00000004     Irrigation_Controller_v1.0_pem4f.oem4f (.text:ti_sysbios_knl_Clock_TimerProxy_getMaxTicks__E)
                  000366d8    00000048     sysbios.aem4f : BIOS.obj (.text:ti_sysbios_family_arm_lm4_Timer_enableTimers__I)
                  00036720    00000048                   : BIOS.obj (.text:ti_sysbios_family_arm_m3_Hwi_disableInterrupt__E)
                  00036768    00000048                   : BIOS.obj (.text:ti_sysbios_family_arm_m3_Hwi_enableInterrupt__E)
                  000367b0    00000048                   : BIOS.obj (.text:ti_sysbios_family_arm_m3_Hwi_excReserved__I)
                  000367f8    00000048                   : BIOS.obj (.text:ti_sysbios_knl_Mailbox_Module_startup__E)
                  00036840    00000048     driverlib.lib : udma.obj (.text:uDMAChannelAttributeDisable)
                  00036888    00000046     drivers_tivaware.aem4f : RingBuf.oem4f (.text:RingBuf_put)
                  000368ce    00000046     ti.targets.arm.rtsarm.aem4f : Core-params.oem4f (.text:xdc_runtime_Core_assignParams__I)
                  00036914    00000044     GLCD.obj (.text:GLCD_WriteString)
                  00036958    00000044     drivers_tivaware.aem4f : SPITivaDMA.oem4f (.text:SPITivaDMA_hwiFxn)
                  0003699c    00000044     hibernate.obj (.text:SetDefaultDateTime)
                  000369e0    00000044     usblib.lib : usbdenum.obj (.text:USBDGetInterface)
                  00036a24    00000044     driverlib.lib : usb.obj (.text:USBEndpointDataGet)
                  00036a68    00000044     eeprom_ud.obj (.text:_EEPROMSectorMaskSet)
                  00036aac    00000044     ti.sysbios.fatfs.aem4f : ff.oem4f (.text:f_mount)
                  00036af0    00000044     database.obj (.text:get_default_value_authentication)
                  00036b34    00000044     GLCD.obj (.text:goto_xy)
                  00036b78    00000044     mbutils.obj (.text:prveMBError2Exception)
                  00036bbc    00000044     Irrigation_Controller.obj (.text:read_battery_status)
                  00036c00    00000044     Irrigation_Controller.obj (.text:read_power_status)
                  00036c44    00000044     rtsv7M4_T_le_v4SPD16_eabi.lib : exit.obj (.text)
                  00036c88    00000044     wifi_cc3100_tivaware.aem4f : WiFiCC3100.oem4f (.text:spi_Open)
                  00036ccc    00000004     Irrigation_Controller_v1.0_pem4f.oem4f (.text:ti_sysbios_knl_Clock_destruct)
                  00036cd0    00000044     sysbios.aem4f : BIOS.obj (.text:ti_sysbios_family_arm_lm4_Timer_isrStub__E)
                  00036d14    00000004     Irrigation_Controller_v1.0_pem4f.oem4f (.text:ti_sysbios_knl_Mailbox_delete)
                  00036d18    00000044     sysbios.aem4f : BIOS.obj (.text:ti_sysbios_family_arm_m3_Hwi_getStackInfo__E)
                  00036d5c    00000004     Irrigation_Controller_v1.0_pem4f.oem4f (.text:ti_sysbios_knl_Queue_destruct)
                  00036d60    00000044     sysbios.aem4f : BIOS.obj (.text:ti_sysbios_knl_Mailbox_postInit__I)
                  00036da4    00000044     ti.targets.arm.rtsarm.aem4f : Error.oem4f (.text:xdc_runtime_Error_setX__E)
                  00036de8    00000044                                 : SysMin.oem4f (.text:xdc_runtime_SysMin_flush__E)
                  00036e2c    00000044                                 : Text.oem4f (.text:xdc_runtime_Text_xprintf__I)
                  00036e70    00000042     drivers_tivaware.aem4f : SPITivaDMA.oem4f (.text:SPITivaDMA_transferCancel)
                  00036eb2    00000042     driverlib.lib : uart.obj (.text:UARTConfigSetExpClk)
                  00036ef4    00000042     drivers_tivaware.aem4f : UARTTiva.oem4f (.text:UARTTiva_hwiIntFxn)
                  00036f36    00000042                            : UARTTiva.oem4f (.text:UARTTiva_writePolling)
                  00036f78    00000040                            : RingBuf.oem4f (.text:RingBuf_get)
                  00036fb8    00000040                            : UARTTiva.oem4f (.text:UARTTiva_read)
                  00036ff8    00000040     usblib.lib : usbhmsc.obj (.text:USBHMSCGetMaxLUN)
                  00037038    00000040     drivers_tivaware.aem4f : USBMSCHFatFsTiva.oem4f (.text:USBMSCHFatFsTiva_diskInitialize)
                  00037078    00000040     wifi_cc3100_tivaware.aem4f : WiFiCC3100.oem4f (.text:WiFiCC3100_spiCallbackFxn)
                  000370b8    00000040     ti.sysbios.fatfs.aem4f : ff.oem4f (.text:dir_read)
                  000370f8    00000040     database.obj (.text:eeprom_read_input)
                  00037138    00000040     wifi_cc3100_tivaware.aem4f : osi_tirtos.oem4f (.text:osi_LockObjLock)
                  00037178    00000040                                : osi_tirtos.oem4f (.text:osi_SyncObjCreate)
                  000371b8    00000040                                : osi_tirtos.oem4f (.text:osi_SyncObjWait)
                  000371f8    00000040     rtsv7M4_T_le_v4SPD16_eabi.lib : signal.obj (.text)
                  00037238    00000040                                   : strtok.obj (.text)
                  00037278    00000040                                   : u_divt2.obj (.text)
                  000372b8    00000040     wifi_cc3100_tivaware.aem4f : socket.oem4f (.text:sl_Recv)
                  000372f8    00000040                                : wlan.oem4f (.text:sl_WlanPolicySet)
                  00037338    00000040     sysbios.aem4f : BIOS.obj (.text:ti_sysbios_family_arm_lm4_Timer_startup__E)
                  00037378    00000040                   : BIOS.obj (.text:ti_sysbios_heaps_HeapMem_Instance_init__E)
                  000373b8    0000003e     driverlib.lib : adc.obj (.text:ADCSequenceConfigure)
                  000373f6    0000003e     usblib.lib : usbhscsi.obj (.text:USBHSCSIInquiry)
                  00037434    0000003e                : usbhscsi.obj (.text:USBHSCSIReadCapacity)
                  00037472    00000002     --HOLE-- [fill = 0]
                  00037474    0000003c                : usbhhub.obj (.text:HubDriverReset)
                  000374b0    0000003c     Program.obj (.text:Remaintime_clear)
                  000374ec    0000003c     drivers_tivaware.aem4f : SPITivaDMA.oem4f (.text:SPITivaDMA_close)
                  00037528    0000003c     driverlib.lib : ssi.obj (.text:SSIConfigSetExpClk)
                  00037564    0000003c     usblib.lib : usbhscsi.obj (.text:USBHSCSIRequestSense)
                  000375a0    0000003c     wifi_cc3100_tivaware.aem4f : driver.oem4f (.text:_SlDrvObjInit)
                  000375dc    0000003c                                : driver.oem4f (.text:_SlDrvRxIrqHandler)
                  00037618    0000003c     database.obj (.text:get_default_value_hardwareconfig)
                  00037654    0000003c     GLCD.obj (.text:goto_screen_map_yz)
                  00037690    0000003c     usblib.lib : usbdma.obj (.text:iDMAUSBChannelRelease)
                  000376cc    0000003c     wifi_cc3100_tivaware.aem4f : wlan.oem4f (.text:sl_WlanRxFilterSet)
                  00037708    0000003c     sysbios.aem4f : BIOS.obj (.text:ti_sysbios_family_arm_m3_Hwi_excSvCall__I)
                  00037744    00000004     Irrigation_Controller_v1.0_pem4f.oem4f (.text:ti_sysbios_knl_Semaphore_delete)
                  00037748    0000003c     sysbios.aem4f : BIOS.obj (.text:ti_sysbios_family_arm_m3_TaskSupport_start__E)
                  00037784    00000004     Irrigation_Controller_v1.0_pem4f.oem4f (.text:ti_sysbios_knl_Semaphore_destruct)
                  00037788    0000003c     sysbios.aem4f : BIOS.obj (.text:ti_sysbios_heaps_HeapMem_init__I)
                  000377c4    0000003a     drivers_tivaware.aem4f : I2CTiva.oem4f (.text:I2CTiva_completeTransfer)
                  000377fe    0000003a     usblib.lib : usbdcdesc.obj (.text:USBDCDConfigGetInterfaceEndpoint)
                  00037838    0000003a     driverlib.lib : usb.obj (.text:USBFIFOConfigSet)
                  00037872    0000003a     wifi_cc3100_tivaware.aem4f : WiFiCC3100.oem4f (.text:WiFiCC3100_close)
                  000378ac    0000003a                                : netapp.oem4f (.text:_SlDrvNetAppEventHandler)
                  000378e6    0000003a     Menubar.obj (.text:strtoint)
                  00037920    00000038     drivers_tivaware.aem4f : I2C.oem4f (.text:I2C_init)
                  00037958    00000038     Irrigation_Controller.obj (.text:Irrigation_Controller_initI2C)
                  00037990    00000038     drivers_tivaware.aem4f : SPI.oem4f (.text:SPI_init)
                  000379c8    00000038                            : UART.oem4f (.text:UART_init)
                  00037a00    00000038     usblib.lib : usbhostenum.obj (.text:USBHCDReset)
                  00037a38    00000038                : usbhscsi.obj (.text:USBHSCSITestUnitReady)
                  00037a70    00000038     driverlib.lib : usb.obj (.text:USBIntStatusControl)
                  00037aa8    00000038     drivers_tivaware.aem4f : USBMSCHFatFs.oem4f (.text:USBMSCHFatFs_init)
                  00037ae0    00000038                            : Watchdog.oem4f (.text:Watchdog_init)
                  00037b18    00000038     wifi_cc3100_tivaware.aem4f : WiFi.oem4f (.text:WiFi_init)
                  00037b50    00000038     eeprom_ud.obj (.text:_EEPROMSectorMaskClear)
                  00037b88    00000038     wifi_cc3100_tivaware.aem4f : osi_tirtos.oem4f (.text:osi_LockObjCreate)
                  00037bc0    00000038     rtsv7M4_T_le_v4SPD16_eabi.lib : fs_tod_t2.obj (.text)
                  00037bf8    00000038     keypad.obj (.text:set_read_mode)
                  00037c30    00000038     keypad.obj (.text:set_write_mode)
                  00037c68    00000038     wifi_cc3100_tivaware.aem4f : socket.oem4f (.text:sl_Htonl)
                  00037ca0    00000038     sysbios.aem4f : BIOS.obj (.text:ti_sysbios_family_arm_m3_Hwi_excNoIsr__I)
                  00037cd8    00000038                   : BIOS.obj (.text:ti_sysbios_knl_Task_processVitalTaskFlag__I)
                  00037d10    00000038     ti.targets.arm.rtsarm.aem4f : SysMin.oem4f (.text:xdc_runtime_SysMin_putch__E)
                  00037d48    00000038                                 : System.oem4f (.text:xdc_runtime_System_atexit__E)
                  00037d80    00000036     usblib.lib : usbhhub.obj (.text:HubClearPortFeature)
                  00037db6    00000036                : usbhhub.obj (.text:HubSetPortFeature)
                  00037dec    00000036     drivers_tivaware.aem4f : I2CTiva.oem4f (.text:I2CTiva_close)
                  00037e22    00000036                            : UARTTiva.oem4f (.text:UARTTiva_readCancel)
                  00037e58    00000036     GSM.obj (.text:strtoint1)
                  00037e8e    00000036     Irrigation_Controller_v1.0_pem4f.oem4f (.text:ti_sysbios_fatfs_getFatTime)
                  00037ec4    00000034     GLCD.obj (.text:GLCD_Init)
                  00037ef8    00000034     GLCD.obj (.text:GLCD_send_cmd)
                  00037f2c    00000034     usblib.lib : usbtick.obj (.text:InternalUSBStartOfFrameTick)
                  00037f60    00000034     driverlib.lib : sysctl.obj (.text:SysCtlPeripheralEnable)
                  00037f94    00000034     usblib.lib : usbhostenum.obj (.text:USBHCDSetConfig)
                  00037fc8    00000034                : usbmode.obj (.text:USBOTGRemovePower)
                  00037ffc    00000034     wifi_cc3100_tivaware.aem4f : driver.oem4f (.text:_SlDrvBasicCmd)
                  00038030    00000034     ti.sysbios.fatfs.aem4f : ffcio.oem4f (.text:ffcio_lseek)
                  00038064    00000034     database.obj (.text:get_default_value_systemsetup)
                  00038098    00000034     usblib.lib : usbdma.obj (.text:iDMAUSBChannelStatus)
                  000380cc    00000034     rtsv7M4_T_le_v4SPD16_eabi.lib : feraiseexcept.obj (.text)
                  00038100    00000034     wifi_cc3100_tivaware.aem4f : socket.oem4f (.text:sl_Htons)
                  00038134    00000004     Irrigation_Controller_v1.0_pem4f.oem4f (.text:ti_sysbios_knl_Task_destruct)
                  00038138    00000034     sysbios.aem4f : BIOS.obj (.text:ti_sysbios_family_arm_m3_Hwi_excNmi__I)
                  0003816c    00000004     ti.targets.arm.rtsarm.aem4f : Error.oem4f (.text:xdc_runtime_Error_getSite__E)
                  00038170    00000034     sysbios.aem4f : BIOS.obj (.text:ti_sysbios_hal_Hwi_checkStack)
                  000381a4    00000034     Irrigation_Controller_v1.0_pem4f.oem4f (.text:ti_sysbios_knl_Clock_construct)
                  000381d8    00000034     Irrigation_Controller_v1.0_pem4f.oem4f (.text:ti_sysbios_knl_Semaphore_create)
                  0003820c    00000034     ti.targets.arm.rtsarm.aem4f : Core-label.oem4f (.text:xdc_runtime_Core_assignLabel__I)
                  00038240    00000033                                 : Text.oem4f (.text:xdc_runtime_Text_printVisFxn__I)
                  00038273    00000001     --HOLE-- [fill = 0]
                  00038274    00000032     usblib.lib : usbdcdesc.obj (.text:NextConfigDescGet)
                  000382a6    00000032     driverlib.lib : usb.obj (.text:USBDevEndpointStall)
                  000382d8    00000032     drivers_tivaware.aem4f : USBMSCHFatFsTiva.oem4f (.text:USBMSCHFatFsTiva_waitForConnect)
                  0003830a    00000032     usblib.lib : usbdma.obj (.text:iDMAUSBChannelDisable)
                  0003833c    00000004     Irrigation_Controller_v1.0_pem4f.oem4f (.text:xdc_runtime_System_Module_GateProxy_enter__E)
                  00038340    00000032     sysbios.aem4f : BIOS.obj (.text:ti_sysbios_hal_Hwi_initStack)
                  00038372    00000030     usblib.lib : usbdma.obj (.text:DMAUSBIntHandler)
                  000383a2    00000002     --HOLE-- [fill = 0]
                  000383a4    00000030     drivers_tivaware.aem4f : GPIOTiva.oem4f (.text:GPIO_enableInt)
                  000383d4    00000030                            : GPIOTiva.oem4f (.text:GPIO_read)
                  00038404    00000030     usblib.lib : usbtick.obj (.text:InternalUSBTickInit)
                  00038434    00000030                : usbdenum.obj (.text:USBDGetConfiguration)
                  00038464    00000030     driverlib.lib : usb.obj (.text:USBEndpointDataPut)
                  00038494    00000030     usblib.lib : usbhmsc.obj (.text:USBHMSCBlockRead)
                  000384c4    00000030                : usbhmsc.obj (.text:USBHMSCBlockWrite)
                  000384f4    00000030                : usbhmsc.obj (.text:USBHMSCClose)
                  00038524    00000030     wifi_cc3100_tivaware.aem4f : flowcont.oem4f (.text:_SlDrvFlowContDeinit)
                  00038554    00000030                                : flowcont.oem4f (.text:_SlDrvFlowContInit)
                  00038584    00000030     main.obj (.text:backlight_control)
                  000385b4    00000030     database.obj (.text:eeprom_write_authentication)
                  000385e4    00000030     database.obj (.text:eeprom_write_output)
                  00038614    00000030     wifi_cc3100_tivaware.aem4f : WiFiCC3100.oem4f (.text:osi_RegisterInterruptHandler)
                  00038644    00000030     rtsv7M4_T_le_v4SPD16_eabi.lib : strncpy.obj (.text)
                  00038674    00000030                                   : xdclass.obj (.text)
                  000386a4    00000030                                   : xferaise.obj (.text)
                  000386d4    00000030     GLCD.obj (.text:set_start_line)
                  00038704    00000030     wifi_cc3100_tivaware.aem4f : socket.oem4f (.text:sl_Socket)
                  00038734    00000004     Irrigation_Controller_v1.0_pem4f.oem4f (.text:xdc_runtime_System_Module_GateProxy_leave__E)
                  00038738    00000030     sysbios.aem4f : BIOS.obj (.text:ti_sysbios_family_arm_lm4_Timer_stop__E)
                  00038768    00000030     Irrigation_Controller_v1.0_pem4f.oem4f (.text:ti_sysbios_gates_GateHwi_Object__create__S)
                  00038798    00000030     Irrigation_Controller_v1.0_pem4f.oem4f (.text:ti_sysbios_gates_GateMutex_Object__create__S)
                  000387c8    00000030     sysbios.aem4f : BIOS.obj (.text:ti_sysbios_gates_GateMutex_enter__E)
                  000387f8    00000030     Irrigation_Controller_v1.0_pem4f.oem4f (.text:ti_sysbios_heaps_HeapMem_Object__create__S)
                  00038828    00000030     Irrigation_Controller_v1.0_pem4f.oem4f (.text:ti_sysbios_knl_Semaphore_construct)
                  00038858    00000030     sysbios.aem4f : BIOS.obj (.text:ti_sysbios_knl_Semaphore_pendTimeout__I)
                  00038888    00000030                   : BIOS.obj (.text:ti_sysbios_knl_Task_unblockI__E)
                  000388b8    00000030     ustdlib.obj (.text:usnprintf)
                  000388e8    00000030     ti.sysbios.fatfs.aem4f : ff.oem4f (.text:validate)
                  00038918    00000030     main.obj (.text:wtcdog_init)
                  00038948    00000030     ti.targets.arm.rtsarm.aem4f : SysMin.oem4f (.text:xdc_runtime_SysMin_abort__E)
                  00038978    00000030                                 : System.oem4f (.text:xdc_runtime_System_processAtExit__E)
                  000389a8    0000002e     driverlib.lib : adc.obj (.text:ADCIntStatus)
                  000389d6    0000002e                   : usb.obj (.text:USBEndpointDataSend)
                  00038a04    0000002e                   : usb.obj (.text:USBHostHubAddrSet)
                  00038a32    0000002e     Irrigation_Controller_v1.0_pem4f.oem4f (.text:malloc)
                  00038a60    0000002e     rtsv7M4_T_le_v4SPD16_eabi.lib : i_tofd_t2.obj (.text)
                  00038a8e    0000002e                                   : raise.obj (.text)
                  00038abc    0000002e     portserial_m.obj (.text:vMBMasterPortSerialEnable)
                  00038aea    0000002c     main.obj (.text:Board_init)
                  00038b16    00000002     --HOLE-- [fill = 0]
                  00038b18    0000002c     usblib.lib : usbhostenum.obj (.text:ConfigDescFree)
                  00038b44    0000002c                : usbhostenum.obj (.text:FIFOFree)
                  00038b70    0000002c                : usbhostenum.obj (.text:InternalUSBHCDSendEvent)
                  00038b9c    0000002c                : usbdesc.obj (.text:USBDescGet)
                  00038bc8    0000002c                : usbdesc.obj (.text:USBDescGetAlternateInterface)
                  00038bf4    0000002c     ti.sysbios.fatfs.aem4f : diskio.oem4f (.text:disk_register)
                  00038c20    0000002c     mb_m.obj (.text:eMBMasterEnable)
                  00038c4c    0000002c     database.obj (.text:eeprom_read_timedate)
                  00038c78    0000002c     database.obj (.text:eeprom_write_sensor)
                  00038ca4    0000002c     database.obj (.text:get_default_value_input)
                  00038cd0    0000002c     sockets.obj (.text:initializeAppVariables)
                  00038cfc    0000002c     Irrigation_Controller_v1.0_pem4f.oem4f (.text:ti_sysbios_BIOS_atExitFunc__I)
                  00038d28    0000002c     sysbios.aem4f : BIOS.obj (.text:ti_sysbios_family_arm_m3_Hwi_Instance_finalize__E)
                  00038d54    0000002c     Irrigation_Controller_v1.0_pem4f.oem4f (.text:ti_sysbios_gates_GateMutex_construct)
                  00038d80    0000002c     Irrigation_Controller_v1.0_pem4f.oem4f (.text:ti_sysbios_knl_Clock_doTick__I)
                  00038dac    0000002c     Irrigation_Controller_v1.0_pem4f.oem4f (.text:ti_sysbios_knl_Queue_construct)
                  00038dd8    0000002c     driverlib.lib : udma.obj (.text:uDMAChannelAssign)
                  00038e04    0000002c     usblib.lib : usbdma.obj (.text:uDMAUSBIntStatus)
                  00038e30    0000002c     portevent_m.obj (.text:vMBMasterErrorCBExecuteFunction)
                  00038e5c    0000002c     portevent_m.obj (.text:vMBMasterErrorCBReceiveData)
                  00038e88    0000002c     portevent_m.obj (.text:vMBMasterErrorCBRespondTimeout)
                  00038eb4    0000002c     porttimer_m.obj (.text:vMBMasterPortTimersConvertDelayEnable)
                  00038ee0    0000002c     porttimer_m.obj (.text:vMBMasterPortTimersRespondTimeoutEnable)
                  00038f0c    0000002c     porttimer_m.obj (.text:vMBMasterPortTimersT35Enable)
                  00038f38    0000002c     ti.targets.arm.rtsarm.aem4f : Text.oem4f (.text:xdc_runtime_Text_cordText__E)
                  00038f64    0000002a     driverlib.lib : gpio.obj (.text:GPIODirModeSet)
                  00038f8e    0000002a     usblib.lib : usbdcdesc.obj (.text:USBDCDConfigDescGetNum)
                  00038fb8    0000002a     wifi_cc3100_tivaware.aem4f : socket.oem4f (.text:_sl_BuildAddress)
                  00038fe2    0000002a     GLCD.obj (.text:delay_glcd)
                  0003900c    0000002a     rtsv7M4_T_le_v4SPD16_eabi.lib : frexp.obj (.text)
                  00039036    0000002a                                   : strspn.obj (.text)
                  00039060    0000002a     ti.targets.arm.rtsarm.aem4f : System.oem4f (.text:xdc_runtime_System_putchar__I)
                  0003908a    00000002     --HOLE-- [fill = 0]
                  0003908c    00000029     database.obj (.text:panel_setup_status)
                  000390b5    00000003     --HOLE-- [fill = 0]
                  000390b8    00000028     GLCD.obj (.text:GLCD_fill_screen)
                  000390e0    00000028     usblib.lib : usbdenum.obj (.text:USBDSetAddress)
                  00039108    00000028                : usbdesc.obj (.text:USBDescGetNum)
                  00039130    00000028     driverlib.lib : usb.obj (.text:USBHostEndpointStatusClear)
                  00039158    00000028                   : usb.obj (.text:USBIntEnableControl)
                  00039180    00000028     drivers_tivaware.aem4f : USBMSCHFatFsTiva.oem4f (.text:USBMSCHFatFsTiva_cbMSCHandler)
                  000391a8    00000028                            : USBMSCHFatFsTiva.oem4f (.text:USBMSCHFatFsTiva_serviceUSBHost)
                  000391d0    00000028     ti.sysbios.fatfs.aem4f : diskio.oem4f (.text:disk_unregister)
                  000391f8    00000028     database.obj (.text:eeprom_write_input)
                  00039220    00000028     GLCD.obj (.text:enable_pulse)
                  00039248    00000028     modbus_main.obj (.text:func_write)
                  00039270    00000028     wifi_cc3100_tivaware.aem4f : socket.oem4f (.text:sl_Listen)
                  00039298    00000028     sysbios.aem4f : BIOS.obj (.text:ti_sysbios_knl_Clock_addI__E)
                  000392c0    00000028                   : BIOS.obj (.text:ti_sysbios_knl_Semaphore_Instance_finalize__E)
                  000392e8    00000028     driverlib.lib : udma.obj (.text:uDMAChannelModeGet)
                  00039310    00000026                   : usb.obj (.text:USBEndpointDataToggleClear)
                  00039336    00000026                   : usb.obj (.text:USBHostSpeedGet)
                  0003935c    00000026     rtsv7M4_T_le_v4SPD16_eabi.lib : strncmp.obj (.text)
                  00039382    00000026     sysbios.aem4f : m3_Hwi_asm.obj (.text:ti_sysbios_family_arm_m3_Hwi_pendSV__I)
                  000393a8    00000026     ti.targets.arm.rtsarm.aem4f : System.oem4f (.text:xdc_runtime_System_avprintf__E)
                  000393ce    00000024     GLCD.obj (.text:GLCD_WriteStringLargeFont)
                  000393f2    00000002     --HOLE-- [fill = 0]
                  000393f4    00000024     GLCD.obj (.text:GLCD_clear_screen)
                  00039418    00000024     Menubar.obj (.text:RefreshHomeScreen)
                  0003943c    00000024     sockets.obj (.text:SimpleLinkPingReport)
                  00039460    00000024     driverlib.lib : usb.obj (.text:USBDevEndpointDataAck)
[...]
200399dc  xdc_runtime_Memory_Module__state__V                                  
200399e0  xdc_runtime_Registry_Module__state__V                                
200399e8  xdc_runtime_Startup_Module__state__V                                 
200399f0  xdc_runtime_SysMin_Module__state__V                                  
200399fc  xdc_runtime_System_Module_State_0_atexitHandlers__A                  
20039a04  xdc_runtime_System_Module__state__V                                  
20039a0c  xdc_runtime_Text_Module__state__V                                    
20039a14  __xdc__init__addr                                                    
20039a18  _ftable                                                              
20039b08  message                                                              
20039bf8  contact_email_remote                                                 
20039c0d  datetimesource_remote                                                
20039c0e  serverdate_remote                                                    
20039c11  servertime_remote                                                    
20039c14  noopmodules_remote                                                   
20039c15  fertigation_remote                                                   
20039c18  flowperpulse_remote                                                  
20039c1c  minop_remote                                                         
20039c20  maxdp_remote                                                         
20039c24  language_remote                                                      
20039c25  contrast_remote                                                      
20039c26  disp_clockformat_remote                                              
20039c27  dateformat_remote                                                    
20039c28  beginweek_remote                                                     
20039c29  backflushstatus_remote                                               
20039c2a  backflushinterval_remote                                             
20039c2c  backflushduration_remote                                             
20039c2e  backflushdelay_remote                                                
20039c30  deltapres_remote                                                     
20039c32  deltadelay_remote                                                    
20039c34  deltaitera_remote                                                    
20039c36  dwelltime_remote                                                     
20039c38  wireless_mode_remote                                                 
20039c39  gsm_module_remote                                                    
20039c3a  gsm_apn_remote                                                       
20039c4e  gsm_operator_remote                                                  
20039c62  sig_strength_remote                                                  
20039c63  wifi_module_remote                                                   
20039c64  wifi_name_remote                                                     
20039c78  wifi_pass_remote                                                     
20039c8c  ext_apn_remote                                                       
20039ca0  ext_pass_remote                                                      
20039cb4  portal_ip_remote                                                     
20039cb8  input_remote                                                         
20039cbc  temp_ip                                                              
20039cda  progid_clear                                                         
20039cdb  zone_clear                                                           
20039cdc  ferti_clear                                                          
20039cdd  factory_clear                                                        
20039cde  cntrl_mode_change                                                    
20039cdf  progid1                                                              
20039ce0  output                                                               
20039db0  output_remote                                                        
20039f50  dial1                                                                
2003a018  logtoportal                                                          
2003a0e0  msg_send                                                             
2003a1a8  msgfromportal1                                                       
2003a270  msgfromportal                                                        
2003a338  msgtoportal                                                          
2003a4b0  gpioPinConfigs                                                       
2003a558  on_zones                                                             
2003a559  on_op                                                                
2003a55c  fertivalve_onoff                                                     
2003a56c  mainpump_onoff                                                       
2003a570  fertip_onoff                                                         
2003a574  pumpdelay_count                                                      
2003a578  mainpump_status                                                      
2003a57c  shift                                                                
2003a580  cycle_shift                                                          
2003a584  cycle                                                                
2003a588  ferti_cnt                                                            
2003a589  propcycle                                                            
2003a58e  zonestart_log                                                        
2003a5a2  zonestop_log                                                         
2003a5b6  fertivstart_log                                                      
2003a5be  fertivstop_log                                                       
2003a5c6  fertivduration_log                                                   
2003a5ce  bf_valno                                                             
2003a5cf  backflushon                                                          
2003a5d0  bf_valonoff                                                          
2003a5d4  shift1                                                               
2003a5d8  _Denorm                                                              
2003a5e8  _Eps                                                                 
2003a5f8  _Hugeval                                                             
2003a608  _Inf                                                                 
2003a618  _Nan                                                                 
2003a628  _Snan                                                                
2003a638  _Rteps                                                               
2003a648  _Xbig                                                                
2003a650  _Zero                                                                
2003a658  ti_sysbios_family_arm_lm4_Timer_Object__table__V                     
2003a6d8  ti_sysbios_knl_Task_Module_State_0_readyQ__A                         
2003a758  selected_ps_keycode                                                  
2003a759  water_on_off_keystate                                                
2003a75a  cursorstate                                                          
2003a75b  prev_access_level                                                    
2003a75c  access_level                                                         
2003a75d  PanelState                                                           
2003a75e  key_code                                                             
2003a760  flag_30s                                                             
2003a764  backlight_count                                                      
2003a768  tempmsgid                                                            
2003a76c  noofmsg                                                              
2003a770  gsm_activ                                                            
2003a774  gsm_config                                                           
2003a778  wifi_activ                                                           
2003a77c  wifi_config                                                          
2003a780  remote_data_recevied_flag                                            
2003a784  taskactive                                                           
2003a788  logflag                                                              
2003a78c  logsend                                                              
2003a790  str                                                                  
2003a7a4  len                                                                  
2003a7b0  PrevPanelState                                                       
2003a7b4  synccount                                                            
2003a7b5  syncsubcount                                                         
2003a7b6  commu_on                                                             
2003a7b7  sendack                                                              
2003a7b8  system_rst                                                           
2003a7bc  smartphone_access                                                    
2003a7c0  keypad_init_flag                                                     
2003a7c1  log_temp                                                             
2003a825  temp                                                                 
2003a88a  RTURcvBufIndex                                                       
2003a88c  sensor                                                               
2003a8ec  sensor_remote                                                        
2003a99c  alert                                                                
2003a9e4  User1                                                                
2003aa28  ti_sysbios_knl_Task_Module__state__V                                 
2003aa6c  op_onoff                                                             
2003aaac  ti_sysbios_family_arm_lm4_Timer_Module_State_0_device__A             
2003aaec  ti_sysbios_knl_Clock_Object__table__V                                
2003ab68  ti_sysbios_gates_GateMutex_Object__table__V                          
2003aba0  ti_sysbios_family_arm_m3_Hwi_Module__state__V                        
2003abd4  fileusb                                                              
2003ac08  ti_sysbios_family_arm_m3_Hwi_Object__table__V                        
2003ac68  key_press_time_count                                                 
2003ac69  activity_timecnt_gsm_task                                            
2003ac6a  activity_timecnt_gui_task                                            
2003ac6b  activity_timecnt_program_task                                        
2003ac6c  typingdelay_count                                                    
2003ac6e  typingdelay_elapsed_flag                                             
2003ac6f  BuzzerStatus                                                         
2003ac70  ticks_10ms                                                           
2003ac72  ticks_500ms                                                          
2003ac74  ticks_1000ms                                                         
2003ac76  sec_ticks                                                            
2003ac78  Mod_Req_Timecnt                                                      
2003ac79  bz_click                                                             
2003ac7a  rtc_update                                                           
2003ac7b  cursorflag                                                           
2003ac7c  bounceflag                                                           
2003ac7d  bfspeed                                                              
2003ac7e  BLitON_TimeCnt                                                       
2003ac80  AccessMode_TimeCnt                                                   
2003ac82  EvtScreen_TimeCnt                                                    
2003ac84  Delay_Counter_100ms                                                  
2003ac88  bf_10msec                                                            
2003ac8c  bf_1sec                                                              
2003ac90  bf_1min                                                              
2003ac98  LED_Status                                                           
2003ac99  txBuffer                                                             
2003aca3  rxBuffer                                                             
2003acbc  key_scan_code                                                        
2003acbd  key_press_detected                                                   
2003acc0  i                                                                    
2003acc4  loginpasswords                                                       
2003acf0  ti_sysbios_knl_Clock_Module__state__V                                
2003ad48  contact_phone                                                        
2003ad72  portal_name                                                          
2003ad9a  portal_name_remote                                                   
2003adc4  zone_onoff                                                           
2003ae10  ti_sysbios_BIOS_Module__state__V                                     
2003ae50  g_H2NSyncPattern                                                     
2003ae58  g_H2NCnysPattern                                                     
2003ae60  g_pCB                                                                
2003ae64  pPingCallBackFunc                                                    
2003ae68  gFirstCmdMode                                                        
2003ae6a  usMDiscInStart                                                       
2003ae6c  usMCoilStart                                                         
2003ae6e  usMRegInStart                                                        
2003ae70  usMRegHoldStart                                                      
2003ae72  mb_ippressure_curvalue                                               
2003ae74  mb_oppressure_curvalue                                               
2003ae76  mb_diffpressure_curvalue                                             
2003ae78  mb_temperature_curvalue                                              
2003ae7a  mb_humidity_curvalue                                                 
2003ae7c  mb_sensor_errors                                                     
2003ae7e  mb_rain_curvalue                                                     
2003ae7f  mb_sensor_error_bit                                                  
2003ae80  mb_limit_status_on_dP                                                
2003ae86  macAddress                                                           
2003ae8c  gpioCallbackFunctions                                                
2003ae90  pwr_good                                                             
2003ae94  batt_mon                                                             
2003ae98  g_Status                                                             
2003ae9c  g_PingPacketsRecv                                                    
2003aea0  sta_IP                                                               
2003aea4  g_GatewayIP                                                          
2003aea8  deviceConnected                                                      
2003aea9  ipAcquired                                                           
2003aec0  __TI_ft_end                                                          
2003aec4  __aeabi_stdin                                                        
2003aec8  __aeabi_stdout                                                       
2003aecc  __aeabi_stderr                                                       
2003aed0  _tz                                                                  
2003aee0  g_bUSBTimerInitialized                                               
2003aee4  g_ui32CurrentUSBTick                                                 
2003aee8  g_ui32USBSOFCount                                                    
2003aeec  g_iUSBMode                                                           
2003aef0  g_ui32WaitTicks                                                      
2003aef8  _lock                                                                
2003aefc  _unlock                                                              
2003af00  __TI_cleanup_ptr                                                     
2003af04  __TI_dtors_ptr                                                       
2003af08  _Fenv                                                                
2003af0c  _Tls_setup__Fenv                                                     
2003af18  CURRENT_X                                                            
2003af19  CURRENT_Y                                                            
2003af1a  CURRENT_Z                                                            
2003af1b  SCRN_MAP_CUR_X                                                       
2003af1c  SCRN_MAP_CUR_Y                                                       
2003af1d  SCRN_MAP_CUR_Z                                                       
2003af1e  test_point                                                           
2003af1f  tx_cnt                                                               
2003af20  rx_cnt                                                               
2003af21  sensor_config_query_flag                                             
2003af24  mbtimer_state                                                        
2003af26  mbtimer_tick_cnt                                                     
2003af28  wTimerVal                                                            
2003af31  g_bSetDefaultDate                                                    
2003af32  g_bSetDate                                                           
2003af36  usb_status                                                           
2003af38  logfile_rddata_size                                                  
2003af3c  flag1_30s                                                            
2003af54  _Errno                                                               
2003af5c  main_func_sp                                                         
2003af70  __stack                                                              
2003b170  __STACK_TOP                                                          
2003ea68  __STACK_END                                                          
e000e000  ti_sysbios_family_arm_m3_Hwi_nvic                                    
ffffffff  __binit__                                                            
ffffffff  __c_args__                                                           
ffffffff  binit                                                                
UNDEFED   SHT$$INIT_ARRAY$$Base                                                
UNDEFED   SHT$$INIT_ARRAY$$Limit                                               

[1829 symbols]
